Microchip MPLAB XC8 Compiler V2.32

Linker command line:

-W-3 --edf=C:\Program Files\Microchip\xc8\v2.32\pic\dat\en_msgs.txt -cn \
  -h+dist/No_Configurations/production\boot_pic16f15244.X.production.sym \
  --cmf=dist/No_Configurations/production\boot_pic16f15244.X.production.cmf \
  -z -Q16F15244 -oC:\Users\A51933\AppData\Local\Temp\xcAsbr0.4 \
  --defsym=__MPLAB_BUILD=1 \
  -Mdist/No_Configurations/production/boot_pic16f15244.X.production.map -E1 \
  -ver=XC8 Compiler --acfsm=1493 -ASTACK=02099h-021EFh -pstack=STACK \
  -ACODE=00h-03FFh -ASTRCODE=00h-03FFh -ASTRING=00h-0FFhx4 \
  -ACONST=00h-0FFhx4 -AENTRY=00h-0FFhx4 -ACOMMON=070h-07Fh \
  -ABANK0=020h-06Fh -ABANK1=0A0h-0EFh -ABANK2=0120h-016Fh \
  -ABANK3=01A0h-01EFh -ABANK4=0220h-026Fh -ABANK5=02A0h-02EFh \
  -ABANK6=0320h-032Fh -ABIGRAM=02000h-021EFh \
  -ARAM=020h-06Fh,0A0h-0EFh,0120h-016Fh,01A0h-01EFh,0220h-026Fh,02A0h-02EFh,0320h-032Fh \
  -AABS1=020h-07Fh,0A0h-0EFh,0120h-016Fh,01A0h-01EFh,0220h-026Fh,02A0h-02EFh,0320h-032Fh \
  -ASFR0=00h-01Fh -ASFR1=080h-09Fh -ASFR2=0100h-011Fh -ASFR3=0180h-019Fh \
  -ASFR4=0200h-021Fh -ASFR5=0280h-029Fh -ASFR6=0300h-031Fh \
  -ASFR7=0380h-03EFh -ASFR8=0400h-046Fh -ASFR9=0480h-04EFh \
  -ASFR10=0500h-056Fh -ASFR11=0580h-05EFh -ASFR12=0600h-066Fh \
  -ASFR13=0680h-06EFh -ASFR14=0700h-076Fh -ASFR15=0780h-07EFh \
  -ASFR16=0800h-086Fh -ASFR17=0880h-08EFh -ASFR18=0900h-096Fh \
  -ASFR19=0980h-09EFh -ASFR20=0A00h-0A6Fh -ASFR21=0A80h-0AEFh \
  -ASFR22=0B00h-0B6Fh -ASFR23=0B80h-0BEFh -ASFR24=0C00h-0C6Fh \
  -ASFR25=0C80h-0CEFh -ASFR26=0D00h-0D6Fh -ASFR27=0D80h-0DEFh \
  -ASFR28=0E00h-0E6Fh -ASFR29=0E80h-0EEFh -ASFR30=0F00h-0F6Fh \
  -ASFR31=0F80h-0FEFh -ASFR32=01000h-0106Fh -ASFR33=01080h-010EFh \
  -ASFR34=01100h-0116Fh -ASFR35=01180h-011EFh -ASFR36=01200h-0126Fh \
  -ASFR37=01280h-012EFh -ASFR38=01300h-0136Fh -ASFR39=01380h-013EFh \
  -ASFR40=01400h-0146Fh -ASFR41=01480h-014EFh -ASFR42=01500h-0156Fh \
  -ASFR43=01580h-015EFh -ASFR44=01600h-0166Fh -ASFR45=01680h-016EFh \
  -ASFR46=01700h-0176Fh -ASFR47=01780h-017EFh -ASFR48=01800h-0186Fh \
  -ASFR49=01880h-018EFh -ASFR50=01900h-0196Fh -ASFR51=01980h-019EFh \
  -ASFR52=01A00h-01A6Fh -ASFR53=01A80h-01AEFh -ASFR54=01B00h-01B6Fh \
  -ASFR55=01B80h-01BEFh -ASFR56=01C00h-01C6Fh -ASFR57=01C80h-01CEFh \
  -ASFR58=01D00h-01D6Fh -ASFR59=01D80h-01DEFh -ASFR60=01E00h-01E6Fh \
  -ASFR61=01E80h-01EEFh -ASFR62=01F00h-01F6Fh -ASFR63=01F80h-01FEFh \
  -ACONFIG=08007h-0800Bh -DCONFIG=2 -AIDLOC=08000h-08003h -DIDLOC=2 \
  -DCODE=2 -DSTRCODE=2 -DSTRING=2 -DCONST=2 -DENTRY=2 \
  -preset_vec=00h,intentry=04h,init,end_init -ppowerup=CODE -pcinit=CODE \
  -pfunctab=ENTRY -k C:\Users\A51933\AppData\Local\Temp\xcAsbr0.o \
  dist/No_Configurations/production\boot_pic16f15244.X.production.o 

Object code version is 3.11

Machine type is 16F15244



                Name                               Link     Load   Length Selector   Space Scale
C:\Users\A51933\AppData\Local\Temp\xcAsbr0.o
                end_init                              6        6        2        8       0
                reset_vec                             0        0        2        0       0
dist/No_Configurations/production\boot_pic16f15244.X.production.o
                cinit                                 8        8       13        8       0
                intentry                              4        4        2        8       0
                text21                              29C      29C       2A        8       0
                text20                              332      332        8        8       0
                text19                              30F      30F       10        8       0
                text18                              31F      31F        A        8       0
                text17                              1A3      1A3       53        8       0
                text16                              329      329        9        8       0
                text15                              1F6      1F6       43        8       0
                text14                              14E      14E       55        8       0
                text13                              239      239       39        8       0
                text12                               F1       F1       5D        8       0
                text11                               8F       8F       62        8       0
                text10                               1B       1B       74        8       0
                text9                               2E9      2E9       16        8       0
                text8                               358      358        6        8       0
                text7                               352      352        6        8       0
                text6                               34C      34C        6        8       0
                text5                               2C6      2C6       23        8       0
                text4                               346      346        6        8       0
                text3                               272      272       2A        8       0
                text2                               35E      35E        3        8       0
                text1                               2FF      2FF       10        8       0
                maintext                            340      340        6        8       0
                cstackCOMMON                         72       72        C       72       1
                clrtext                             33A      33A        6        8       0
                bssBANK1                             A0       A0       49       A0       1
                bssBANK0                             20       20        9       20       1
                nvBANK0                              29       29        6       20       1

TOTAL           Name                               Link     Load   Length     Space
        CLASS   STACK          

        CLASS   CODE           
                end_init                              6        6        2         0
                cinit                                 8        8       13         0
                intentry                              4        4        2         0
                reset_vec                             0        0        2         0
                text21                              29C      29C       2A         0
                text20                              332      332        8         0
                text19                              30F      30F       10         0
                text18                              31F      31F        A         0
                text17                              1A3      1A3       53         0
                text16                              329      329        9         0
                text15                              1F6      1F6       43         0
                text14                              14E      14E       55         0
                text13                              239      239       39         0
                text12                               F1       F1       5D         0
                text11                               8F       8F       62         0
                text10                               1B       1B       74         0
                text9                               2E9      2E9       16         0
                text8                               358      358        6         0
                text7                               352      352        6         0
                text6                               34C      34C        6         0
                text5                               2C6      2C6       23         0
                text4                               346      346        6         0
                text3                               272      272       2A         0
                text2                               35E      35E        3         0
                text1                               2FF      2FF       10         0
                maintext                            340      340        6         0
                clrtext                             33A      33A        6         0

        CLASS   STRCODE        

        CLASS   STRING         

        CLASS   CONST          

        CLASS   ENTRY          

        CLASS   COMMON         
                cstackCOMMON                         72       72        C         1

        CLASS   BANK0          
                bssBANK0                             20       20        9         1
                nvBANK0                              29       29        6         1

        CLASS   BANK1          
                bssBANK1                             A0       A0       49         1

        CLASS   BANK2          

        CLASS   BANK3          

        CLASS   BANK4          

        CLASS   BANK5          

        CLASS   BANK6          

        CLASS   BIGRAM         

        CLASS   RAM            

        CLASS   ABS1           
                abs_s1                               70       70        2         1
                abs_s1                               7E       7E        2         1

        CLASS   SFR0           

        CLASS   SFR1           

        CLASS   SFR2           

        CLASS   SFR3           

        CLASS   SFR4           

        CLASS   SFR5           

        CLASS   SFR6           

        CLASS   SFR7           

        CLASS   SFR8           

        CLASS   SFR9           

        CLASS   SFR10          

        CLASS   SFR11          

        CLASS   SFR12          

        CLASS   SFR13          

        CLASS   SFR14          

        CLASS   SFR15          

        CLASS   SFR16          

        CLASS   SFR17          

        CLASS   SFR18          

        CLASS   SFR19          

        CLASS   SFR20          

        CLASS   SFR21          

        CLASS   SFR22          

        CLASS   SFR23          

        CLASS   SFR24          

        CLASS   SFR25          

        CLASS   SFR26          

        CLASS   SFR27          

        CLASS   SFR28          

        CLASS   SFR29          

        CLASS   SFR30          

        CLASS   SFR31          

        CLASS   SFR32          

        CLASS   SFR33          

        CLASS   SFR34          

        CLASS   SFR35          

        CLASS   SFR36          

        CLASS   SFR37          

        CLASS   SFR38          

        CLASS   SFR39          

        CLASS   SFR40          

        CLASS   SFR41          

        CLASS   SFR42          

        CLASS   SFR43          

        CLASS   SFR44          

        CLASS   SFR45          

        CLASS   SFR46          

        CLASS   SFR47          

        CLASS   SFR48          

        CLASS   SFR49          

        CLASS   SFR50          

        CLASS   SFR51          

        CLASS   SFR52          

        CLASS   SFR53          

        CLASS   SFR54          

        CLASS   SFR55          

        CLASS   SFR56          

        CLASS   SFR57          

        CLASS   SFR58          

        CLASS   SFR59          

        CLASS   SFR60          

        CLASS   SFR61          

        CLASS   SFR62          

        CLASS   SFR63          

        CLASS   CONFIG         

        CLASS   IDLOC          

        CLASS   BANK63         

        CLASS   BANK62         

        CLASS   BANK61         

        CLASS   BANK60         

        CLASS   BANK59         

        CLASS   BANK58         

        CLASS   BANK57         

        CLASS   BANK56         

        CLASS   BANK55         

        CLASS   BANK54         

        CLASS   BANK53         

        CLASS   BANK52         

        CLASS   BANK51         

        CLASS   BANK50         

        CLASS   BANK49         

        CLASS   BANK48         

        CLASS   BANK47         

        CLASS   BANK46         

        CLASS   BANK45         

        CLASS   BANK44         

        CLASS   BANK43         

        CLASS   BANK42         

        CLASS   BANK41         

        CLASS   BANK40         

        CLASS   BANK39         

        CLASS   BANK38         

        CLASS   BANK37         

        CLASS   BANK36         

        CLASS   BANK35         

        CLASS   BANK34         

        CLASS   BANK33         

        CLASS   BANK32         

        CLASS   BANK31         

        CLASS   BANK30         

        CLASS   BANK29         

        CLASS   BANK28         

        CLASS   BANK27         

        CLASS   BANK26         

        CLASS   BANK25         

        CLASS   BANK24         

        CLASS   BANK23         

        CLASS   BANK22         

        CLASS   BANK21         

        CLASS   BANK20         

        CLASS   BANK19         

        CLASS   BANK18         

        CLASS   BANK17         

        CLASS   BANK16         

        CLASS   BANK15         

        CLASS   BANK14         

        CLASS   BANK13         

        CLASS   BANK12         

        CLASS   BANK11         

        CLASS   BANK10         

        CLASS   BANK9          

        CLASS   BANK8          

        CLASS   BANK7          

        CLASS   EEDATA         



SEGMENTS        Name                           Load    Length   Top    Selector   Space  Class     Delta

                reset_vec                      000000  000002  000002         0       0  CODE        2
                intentry                       000004  00035D  000361         8       0  CODE        2
                bssBANK0                       000020  00000F  00002F        20       1  BANK0       1
                cstackCOMMON                   000072  00000C  00007E        72       1  COMMON      1
                bssBANK1                       0000A0  000049  0000E9        A0       1  BANK1       1


UNUSED ADDRESS RANGES

        Name                Unused          Largest block    Delta
        BANK0            002F-006F             41           1
        BANK1            00E9-00EF              7           1
        BANK2            0120-016F             50           1
        BANK3            01A0-01EF             50           1
        BANK4            0220-026F             50           1
        BANK5            02A0-02EF             50           1
        BANK6            0320-032F             10           1
        BIGRAM           2000-21EF            1F0           1
        CODE             0002-0003              2           2
                         0361-03FF             9F
        CONFIG           8007-800B              5           2
        CONST            0002-0003              2           2
                         0361-03FF             9F
        ENTRY            0002-0003              2           2
                         0361-03FF             9F
        IDLOC            8000-8003              4           2
        RAM              002F-006F             41           1
                         00E9-00EF              7
                         0120-016F             50
                         01A0-01EF             50
                         0220-026F             50
                         02A0-02EF             50
                         0320-032F             10
        SFR0             0000-001F             20           1
        SFR1             0080-009F             20           1
        SFR10            0500-056F             70           1
        SFR11            0580-05EF             70           1
        SFR12            0600-066F             70           1
        SFR13            0680-06EF             70           1
        SFR14            0700-076F             70           1
        SFR15            0780-07EF             70           1
        SFR16            0800-086F             70           1
        SFR17            0880-08EF             70           1
        SFR18            0900-096F             70           1
        SFR19            0980-09EF             70           1
        SFR2             0100-011F             20           1
        SFR20            0A00-0A6F             70           1
        SFR21            0A80-0AEF             70           1
        SFR22            0B00-0B6F             70           1
        SFR23            0B80-0BEF             70           1
        SFR24            0C00-0C6F             70           1
        SFR25            0C80-0CEF             70           1
        SFR26            0D00-0D6F             70           1
        SFR27            0D80-0DEF             70           1
        SFR28            0E00-0E6F             70           1
        SFR29            0E80-0EEF             70           1
        SFR3             0180-019F             20           1
        SFR30            0F00-0F6F             70           1
        SFR31            0F80-0FEF             70           1
        SFR32            1000-106F             70           1
        SFR33            1080-10EF             70           1
        SFR34            1100-116F             70           1
        SFR35            1180-11EF             70           1
        SFR36            1200-126F             70           1
        SFR37            1280-12EF             70           1
        SFR38            1300-136F             70           1
        SFR39            1380-13EF             70           1
        SFR4             0200-021F             20           1
        SFR40            1400-146F             70           1
        SFR41            1480-14EF             70           1
        SFR42            1500-156F             70           1
        SFR43            1580-15EF             70           1
        SFR44            1600-166F             70           1
        SFR45            1680-16EF             70           1
        SFR46            1700-176F             70           1
        SFR47            1780-17EF             70           1
        SFR48            1800-186F             70           1
        SFR49            1880-18EF             70           1
        SFR5             0280-029F             20           1
        SFR50            1900-196F             70           1
        SFR51            1980-19EF             70           1
        SFR52            1A00-1A6F             70           1
        SFR53            1A80-1AEF             70           1
        SFR54            1B00-1B6F             70           1
        SFR55            1B80-1BEF             70           1
        SFR56            1C00-1C6F             70           1
        SFR57            1C80-1CEF             70           1
        SFR58            1D00-1D6F             70           1
        SFR59            1D80-1DEF             70           1
        SFR6             0300-031F             20           1
        SFR60            1E00-1E6F             70           1
        SFR61            1E80-1EEF             70           1
        SFR62            1F00-1F6F             70           1
        SFR63            1F80-1FEF             70           1
        SFR7             0380-03EF             70           1
        SFR8             0400-046F             70           1
        SFR9             0480-04EF             70           1
        STACK            2099-21EF            157           1
        STRCODE          0002-0003              2           2
                         0361-03FF             9F
        STRING           0002-0003              2           2
                         0361-03FF             9F

                                  Symbol Table

Bootload_Required@i                             cstackCOMMON 0073
Calc_Checksum@i                                 cstackCOMMON 0075
EUSART1_SetErrorHandler@interruptHandler        cstackCOMMON 0072
EUSART1_SetFramingErrorHandler@interruptHandler cstackCOMMON 0072
EUSART1_SetOverrunErrorHandler@interruptHandler cstackCOMMON 0072
EUSART1_Write@txData                            cstackCOMMON 0072
Erase_Flash@i                                   cstackCOMMON 0073
Get_Version_Data@i                              cstackCOMMON 0073
ProcessBootBuffer@len                           cstackCOMMON 0079
Read_Config@i                                   cstackCOMMON 0074
Run_Bootloader@ch                               cstackCOMMON 007B
Run_Bootloader@index                            cstackCOMMON 007D
Run_Bootloader@msg_length                       cstackCOMMON 007C
Write_Flash@i                                   cstackCOMMON 0074
_ANSELA                                         (abs)        1F38
_ANSELB                                         (abs)        1F43
_ANSELC                                         (abs)        1F4E
_BAUD1CON                                       (abs)        011F
_BAUD1CONbits                                   (abs)        011F
_BOOTLOADER_Initialize                          text9        02E9
_BSR                                            (abs)        0008
_Bootload_Required                              text21       029C
_Calc_Checksum                                  text17       01A3
_Check_Device_Reset                             text20       0332
_EE_Key_1                                       (abs)        0070
_EE_Key_2                                       (abs)        0071
_EUSART1_DefaultErrorHandler                    (abs)        0000
_EUSART1_DefaultFramingErrorHandler             (abs)        0000
_EUSART1_DefaultOverrunErrorHandler             (abs)        0000
_EUSART1_ErrorHandler                           nvBANK0      0029
_EUSART1_FramingErrorHandler                    nvBANK0      002D
_EUSART1_Initialize                             text5        02C6
_EUSART1_OverrunErrorHandler                    nvBANK0      002B
_EUSART1_Read                                   text19       030F
_EUSART1_SetErrorHandler                        text8        0358
_EUSART1_SetFramingErrorHandler                 text7        0352
_EUSART1_SetOverrunErrorHandler                 text6        034C
_EUSART1_Write                                  text18       031F
_Erase_Flash                                    text15       01F6
_Get_Version_Data                               text14       014E
_INLVLA                                         (abs)        1F3C
_INLVLB                                         (abs)        1F47
_INLVLC                                         (abs)        1F52
_INTCONbits                                     (abs)        000B
_LATA                                           (abs)        0018
_LATB                                           (abs)        0019
_LATC                                           (abs)        001A
_NVMADRH                                        (abs)        081B
_NVMADRL                                        (abs)        081A
_NVMCON1                                        (abs)        081E
_NVMCON1bits                                    (abs)        081E
_NVMCON2                                        (abs)        081F
_NVMDATH                                        (abs)        081D
_NVMDATL                                        (abs)        081C
_ODCONA                                         (abs)        1F3A
_ODCONB                                         (abs)        1F45
_ODCONC                                         (abs)        1F50
_OSCEN                                          (abs)        0891
_OSCFRQ                                         (abs)        0893
_OSCILLATOR_Initialize                          text4        0346
_OSCTUNE                                        (abs)        0892
_PIN_MANAGER_Initialize                         text3        0272
_PIR1bits                                       (abs)        070D
_PORTCbits                                      (abs)        000E
_ProcessBootBuffer                              text11       008F
_RC0PPS                                         (abs)        1F20
_RC1REG                                         (abs)        0119
_RC1STA                                         (abs)        011D
_RC1STAbits                                     (abs)        011D
_RX1PPS                                         (abs)        1ECB
_Read_Config                                    text13       0239
_Run_Bootloader                                 text10       001B
_SLRCONA                                        (abs)        1F3B
_SLRCONB                                        (abs)        1F46
_SLRCONC                                        (abs)        1F51
_SP1BRGH                                        (abs)        011C
_SP1BRGL                                        (abs)        011B
_STKPTR                                         (abs)        1FED
_SYSTEM_Initialize                              text1        02FF
_StartWrite                                     text16       0329
_TRISA                                          (abs)        0012
_TRISB                                          (abs)        0013
_TRISC                                          (abs)        0014
_TX1REG                                         (abs)        011A
_TX1STA                                         (abs)        011E
_TX1STAbits                                     (abs)        011E
_WDTCON                                         (abs)        080C
_WDT_Initialize                                 text2        035E
_WPUA                                           (abs)        1F39
_WPUB                                           (abs)        1F44
_WPUC                                           (abs)        1F4F
_Write_Flash                                    text12       00F1
__Habs1                                         abs1         0000
__Hbank0                                        bank0        0000
__Hbank1                                        bank1        0000
__Hbank10                                       bank10       0000
__Hbank11                                       bank11       0000
__Hbank12                                       bank12       0000
__Hbank13                                       bank13       0000
__Hbank14                                       bank14       0000
__Hbank15                                       bank15       0000
__Hbank16                                       bank16       0000
__Hbank17                                       bank17       0000
__Hbank18                                       bank18       0000
__Hbank19                                       bank19       0000
__Hbank2                                        bank2        0000
__Hbank20                                       bank20       0000
__Hbank21                                       bank21       0000
__Hbank22                                       bank22       0000
__Hbank23                                       bank23       0000
__Hbank24                                       bank24       0000
__Hbank25                                       bank25       0000
__Hbank26                                       bank26       0000
__Hbank27                                       bank27       0000
__Hbank28                                       bank28       0000
__Hbank29                                       bank29       0000
__Hbank3                                        bank3        0000
__Hbank30                                       bank30       0000
__Hbank31                                       bank31       0000
__Hbank32                                       bank32       0000
__Hbank33                                       bank33       0000
__Hbank34                                       bank34       0000
__Hbank35                                       bank35       0000
__Hbank36                                       bank36       0000
__Hbank37                                       bank37       0000
__Hbank38                                       bank38       0000
__Hbank39                                       bank39       0000
__Hbank4                                        bank4        0000
__Hbank40                                       bank40       0000
__Hbank41                                       bank41       0000
__Hbank42                                       bank42       0000
__Hbank43                                       bank43       0000
__Hbank44                                       bank44       0000
__Hbank45                                       bank45       0000
__Hbank46                                       bank46       0000
__Hbank47                                       bank47       0000
__Hbank48                                       bank48       0000
__Hbank49                                       bank49       0000
__Hbank5                                        bank5        0000
__Hbank50                                       bank50       0000
__Hbank51                                       bank51       0000
__Hbank52                                       bank52       0000
__Hbank53                                       bank53       0000
__Hbank54                                       bank54       0000
__Hbank55                                       bank55       0000
__Hbank56                                       bank56       0000
__Hbank57                                       bank57       0000
__Hbank58                                       bank58       0000
__Hbank59                                       bank59       0000
__Hbank6                                        bank6        0000
__Hbank60                                       bank60       0000
__Hbank61                                       bank61       0000
__Hbank62                                       bank62       0000
__Hbank63                                       bank63       0000
__Hbank7                                        bank7        0000
__Hbank8                                        bank8        0000
__Hbank9                                        bank9        0000
__Hbigram                                       bigram       0000
__HbssBANK0                                     bssBANK0     0000
__HbssBANK1                                     bssBANK1     0000
__Hcinit                                        cinit        001B
__Hclrtext                                      clrtext      0000
__Hcode                                         code         0000
__Hcommon                                       common       0000
__HcstackCOMMON                                 cstackCOMMON 0000
__Heeprom_data                                  eeprom_data  0000
__Hend_init                                     end_init     0008
__Hfunctab                                      functab      0000
__Hinit                                         init         0006
__Hintentry                                     intentry     0006
__Hmaintext                                     maintext     0000
__HnvBANK0                                      nvBANK0      0000
__Hpowerup                                      powerup      0000
__Hram                                          ram          0000
__Hreset_vec                                    reset_vec    0002
__Hsfr0                                         sfr0         0000
__Hsfr1                                         sfr1         0000
__Hsfr10                                        sfr10        0000
__Hsfr11                                        sfr11        0000
__Hsfr12                                        sfr12        0000
__Hsfr13                                        sfr13        0000
__Hsfr14                                        sfr14        0000
__Hsfr15                                        sfr15        0000
__Hsfr16                                        sfr16        0000
__Hsfr17                                        sfr17        0000
__Hsfr18                                        sfr18        0000
__Hsfr19                                        sfr19        0000
__Hsfr2                                         sfr2         0000
__Hsfr20                                        sfr20        0000
__Hsfr21                                        sfr21        0000
__Hsfr22                                        sfr22        0000
__Hsfr23                                        sfr23        0000
__Hsfr24                                        sfr24        0000
__Hsfr25                                        sfr25        0000
__Hsfr26                                        sfr26        0000
__Hsfr27                                        sfr27        0000
__Hsfr28                                        sfr28        0000
__Hsfr29                                        sfr29        0000
__Hsfr3                                         sfr3         0000
__Hsfr30                                        sfr30        0000
__Hsfr31                                        sfr31        0000
__Hsfr32                                        sfr32        0000
__Hsfr33                                        sfr33        0000
__Hsfr34                                        sfr34        0000
__Hsfr35                                        sfr35        0000
__Hsfr36                                        sfr36        0000
__Hsfr37                                        sfr37        0000
__Hsfr38                                        sfr38        0000
__Hsfr39                                        sfr39        0000
__Hsfr4                                         sfr4         0000
__Hsfr40                                        sfr40        0000
__Hsfr41                                        sfr41        0000
__Hsfr42                                        sfr42        0000
__Hsfr43                                        sfr43        0000
__Hsfr44                                        sfr44        0000
__Hsfr45                                        sfr45        0000
__Hsfr46                                        sfr46        0000
__Hsfr47                                        sfr47        0000
__Hsfr48                                        sfr48        0000
__Hsfr49                                        sfr49        0000
__Hsfr5                                         sfr5         0000
__Hsfr50                                        sfr50        0000
__Hsfr51                                        sfr51        0000
__Hsfr52                                        sfr52        0000
__Hsfr53                                        sfr53        0000
__Hsfr54                                        sfr54        0000
__Hsfr55                                        sfr55        0000
__Hsfr56                                        sfr56        0000
__Hsfr57                                        sfr57        0000
__Hsfr58                                        sfr58        0000
__Hsfr59                                        sfr59        0000
__Hsfr6                                         sfr6         0000
__Hsfr60                                        sfr60        0000
__Hsfr61                                        sfr61        0000
__Hsfr62                                        sfr62        0000
__Hsfr63                                        sfr63        0000
__Hsfr7                                         sfr7         0000
__Hsfr8                                         sfr8         0000
__Hsfr9                                         sfr9         0000
__Hspace_0                                      (abs)        0361
__Hspace_1                                      (abs)        00E9
__Hspace_2                                      (abs)        0000
__Hspace_3                                      (abs)        0000
__Hstack                                        stack        0000
__Hstrings                                      strings      0000
__Htext                                         text         0000
__Labs1                                         abs1         0000
__Lbank0                                        bank0        0000
__Lbank1                                        bank1        0000
__Lbank10                                       bank10       0000
__Lbank11                                       bank11       0000
__Lbank12                                       bank12       0000
__Lbank13                                       bank13       0000
__Lbank14                                       bank14       0000
__Lbank15                                       bank15       0000
__Lbank16                                       bank16       0000
__Lbank17                                       bank17       0000
__Lbank18                                       bank18       0000
__Lbank19                                       bank19       0000
__Lbank2                                        bank2        0000
__Lbank20                                       bank20       0000
__Lbank21                                       bank21       0000
__Lbank22                                       bank22       0000
__Lbank23                                       bank23       0000
__Lbank24                                       bank24       0000
__Lbank25                                       bank25       0000
__Lbank26                                       bank26       0000
__Lbank27                                       bank27       0000
__Lbank28                                       bank28       0000
__Lbank29                                       bank29       0000
__Lbank3                                        bank3        0000
__Lbank30                                       bank30       0000
__Lbank31                                       bank31       0000
__Lbank32                                       bank32       0000
__Lbank33                                       bank33       0000
__Lbank34                                       bank34       0000
__Lbank35                                       bank35       0000
__Lbank36                                       bank36       0000
__Lbank37                                       bank37       0000
__Lbank38                                       bank38       0000
__Lbank39                                       bank39       0000
__Lbank4                                        bank4        0000
__Lbank40                                       bank40       0000
__Lbank41                                       bank41       0000
__Lbank42                                       bank42       0000
__Lbank43                                       bank43       0000
__Lbank44                                       bank44       0000
__Lbank45                                       bank45       0000
__Lbank46                                       bank46       0000
__Lbank47                                       bank47       0000
__Lbank48                                       bank48       0000
__Lbank49                                       bank49       0000
__Lbank5                                        bank5        0000
__Lbank50                                       bank50       0000
__Lbank51                                       bank51       0000
__Lbank52                                       bank52       0000
__Lbank53                                       bank53       0000
__Lbank54                                       bank54       0000
__Lbank55                                       bank55       0000
__Lbank56                                       bank56       0000
__Lbank57                                       bank57       0000
__Lbank58                                       bank58       0000
__Lbank59                                       bank59       0000
__Lbank6                                        bank6        0000
__Lbank60                                       bank60       0000
__Lbank61                                       bank61       0000
__Lbank62                                       bank62       0000
__Lbank63                                       bank63       0000
__Lbank7                                        bank7        0000
__Lbank8                                        bank8        0000
__Lbank9                                        bank9        0000
__Lbigram                                       bigram       0000
__LbssBANK0                                     bssBANK0     0000
__LbssBANK1                                     bssBANK1     0000
__Lcinit                                        cinit        0008
__Lclrtext                                      clrtext      0000
__Lcode                                         code         0000
__Lcommon                                       common       0000
__LcstackCOMMON                                 cstackCOMMON 0000
__Leeprom_data                                  eeprom_data  0000
__Lend_init                                     end_init     0006
__Lfunctab                                      functab      0000
__Linit                                         init         0006
__Lintentry                                     intentry     0004
__Lmaintext                                     maintext     0000
__LnvBANK0                                      nvBANK0      0000
__Lpowerup                                      powerup      0000
__Lram                                          ram          0000
__Lreset_vec                                    reset_vec    0000
__Lsfr0                                         sfr0         0000
__Lsfr1                                         sfr1         0000
__Lsfr10                                        sfr10        0000
__Lsfr11                                        sfr11        0000
__Lsfr12                                        sfr12        0000
__Lsfr13                                        sfr13        0000
__Lsfr14                                        sfr14        0000
__Lsfr15                                        sfr15        0000
__Lsfr16                                        sfr16        0000
__Lsfr17                                        sfr17        0000
__Lsfr18                                        sfr18        0000
__Lsfr19                                        sfr19        0000
__Lsfr2                                         sfr2         0000
__Lsfr20                                        sfr20        0000
__Lsfr21                                        sfr21        0000
__Lsfr22                                        sfr22        0000
__Lsfr23                                        sfr23        0000
__Lsfr24                                        sfr24        0000
__Lsfr25                                        sfr25        0000
__Lsfr26                                        sfr26        0000
__Lsfr27                                        sfr27        0000
__Lsfr28                                        sfr28        0000
__Lsfr29                                        sfr29        0000
__Lsfr3                                         sfr3         0000
__Lsfr30                                        sfr30        0000
__Lsfr31                                        sfr31        0000
__Lsfr32                                        sfr32        0000
__Lsfr33                                        sfr33        0000
__Lsfr34                                        sfr34        0000
__Lsfr35                                        sfr35        0000
__Lsfr36                                        sfr36        0000
__Lsfr37                                        sfr37        0000
__Lsfr38                                        sfr38        0000
__Lsfr39                                        sfr39        0000
__Lsfr4                                         sfr4         0000
__Lsfr40                                        sfr40        0000
__Lsfr41                                        sfr41        0000
__Lsfr42                                        sfr42        0000
__Lsfr43                                        sfr43        0000
__Lsfr44                                        sfr44        0000
__Lsfr45                                        sfr45        0000
__Lsfr46                                        sfr46        0000
__Lsfr47                                        sfr47        0000
__Lsfr48                                        sfr48        0000
__Lsfr49                                        sfr49        0000
__Lsfr5                                         sfr5         0000
__Lsfr50                                        sfr50        0000
__Lsfr51                                        sfr51        0000
__Lsfr52                                        sfr52        0000
__Lsfr53                                        sfr53        0000
__Lsfr54                                        sfr54        0000
__Lsfr55                                        sfr55        0000
__Lsfr56                                        sfr56        0000
__Lsfr57                                        sfr57        0000
__Lsfr58                                        sfr58        0000
__Lsfr59                                        sfr59        0000
__Lsfr6                                         sfr6         0000
__Lsfr60                                        sfr60        0000
__Lsfr61                                        sfr61        0000
__Lsfr62                                        sfr62        0000
__Lsfr63                                        sfr63        0000
__Lsfr7                                         sfr7         0000
__Lsfr8                                         sfr8         0000
__Lsfr9                                         sfr9         0000
__Lspace_0                                      (abs)        0000
__Lspace_1                                      (abs)        0000
__Lspace_2                                      (abs)        0000
__Lspace_3                                      (abs)        0000
__Lstack                                        stack        0000
__Lstrings                                      strings      0000
__Ltext                                         text         0000
__S0                                            (abs)        0361
__S1                                            (abs)        00E9
__S2                                            (abs)        0000
___int_sp                                       stack        0000
___latbits                                      (abs)        0001
___sp                                           stack        0000
___stackhi                                      (abs)        21EF
___stacklo                                      (abs)        2099
__end_of_BOOTLOADER_Initialize                  text9        02FF
__end_of_Bootload_Required                      text21       02C6
__end_of_Calc_Checksum                          text17       01F6
__end_of_Check_Device_Reset                     text20       033A
__end_of_EUSART1_Initialize                     text5        02E9
__end_of_EUSART1_Read                           text19       031F
__end_of_EUSART1_SetErrorHandler                text8        035E
__end_of_EUSART1_SetFramingErrorHandler         text7        0358
__end_of_EUSART1_SetOverrunErrorHandler         text6        0352
__end_of_EUSART1_Write                          text18       0329
__end_of_Erase_Flash                            text15       0239
__end_of_Get_Version_Data                       text14       01A3
__end_of_OSCILLATOR_Initialize                  text4        034C
__end_of_PIN_MANAGER_Initialize                 text3        029C
__end_of_ProcessBootBuffer                      text11       00F1
__end_of_Read_Config                            text13       0272
__end_of_Run_Bootloader                         text10       008F
__end_of_SYSTEM_Initialize                      text1        030F
__end_of_StartWrite                             text16       0332
__end_of_WDT_Initialize                         text2        0361
__end_of_Write_Flash                            text12       014E
__end_of__initialization                        cinit        0018
__end_of_main                                   maintext     0346
__initialization                                cinit        0008
__pbssBANK0                                     bssBANK0     0020
__pbssBANK1                                     bssBANK1     00A0
__pcstackCOMMON                                 cstackCOMMON 0072
__pmaintext                                     maintext     0340
__pnvBANK0                                      nvBANK0      0029
__ptext0                                        text0        0000
__ptext1                                        text1        02FF
__ptext10                                       text10       001B
__ptext11                                       text11       008F
__ptext12                                       text12       00F1
__ptext13                                       text13       0239
__ptext14                                       text14       014E
__ptext15                                       text15       01F6
__ptext16                                       text16       0329
__ptext17                                       text17       01A3
__ptext18                                       text18       031F
__ptext19                                       text19       030F
__ptext2                                        text2        035E
__ptext20                                       text20       0332
__ptext21                                       text21       029C
__ptext3                                        text3        0272
__ptext4                                        text4        0346
__ptext5                                        text5        02C6
__ptext6                                        text6        034C
__ptext7                                        text7        0352
__ptext8                                        text8        0358
__ptext9                                        text9        02E9
__size_of_BOOTLOADER_Initialize                 (abs)        0000
__size_of_Bootload_Required                     (abs)        0000
__size_of_Calc_Checksum                         (abs)        0000
__size_of_Check_Device_Reset                    (abs)        0000
__size_of_EUSART1_Initialize                    (abs)        0000
__size_of_EUSART1_Read                          (abs)        0000
__size_of_EUSART1_SetErrorHandler               (abs)        0000
__size_of_EUSART1_SetFramingErrorHandler        (abs)        0000
__size_of_EUSART1_SetOverrunErrorHandler        (abs)        0000
__size_of_EUSART1_Write                         (abs)        0000
__size_of_Erase_Flash                           (abs)        0000
__size_of_Get_Version_Data                      (abs)        0000
__size_of_OSCILLATOR_Initialize                 (abs)        0000
__size_of_PIN_MANAGER_Initialize                (abs)        0000
__size_of_ProcessBootBuffer                     (abs)        0000
__size_of_Read_Config                           (abs)        0000
__size_of_Run_Bootloader                        (abs)        0000
__size_of_SYSTEM_Initialize                     (abs)        0000
__size_of_StartWrite                            (abs)        0000
__size_of_WDT_Initialize                        (abs)        0000
__size_of_Write_Flash                           (abs)        0000
__size_of_main                                  (abs)        0000
_check_sum                                      bssBANK0     0022
_eusart1RxLastError                             bssBANK0     0028
_frame                                          bssBANK1     00A0
_main                                           maintext     0340
_reset_pending                                  bssBANK0     0024
btemp                                           (abs)        007E
clear_ram0                                      clrtext      033A
end_of_initialization                           cinit        0018
intlevel0                                       functab      0000
intlevel1                                       functab      0000
intlevel2                                       functab      0000
intlevel3                                       functab      0000
intlevel4                                       functab      0000
intlevel5                                       functab      0000
reset_vec                                       reset_vec    0000
start                                           init         0006
start_initialization                            cinit        0008
wtemp0                                          (abs)        007E


MODULE INFORMATION

Module		Function		Class		Link	Load	Size
mcc_generated_files/pic16f1_uart.c
		_Run_Bootloader		CODE           	001B	0000	116

mcc_generated_files/pic16f1_uart.c estimated size: 116

mcc_generated_files/pin_manager.c
		_PIN_MANAGER_Initialize		CODE           	0272	0000	42

mcc_generated_files/pin_manager.c estimated size: 42

shared
		__initialization		CODE           	0008	0000	16

shared estimated size: 16

mcc_generated_files/eusart1.c
		_EUSART1_Initialize		CODE           	02C6	0000	35
		_EUSART1_SetFramingErrorHandler		CODE           	0352	0000	6
		_EUSART1_Read  		CODE           	030F	0000	16
		_EUSART1_SetOverrunErrorHandler		CODE           	034C	0000	6
		_EUSART1_SetErrorHandler		CODE           	0358	0000	6
		_EUSART1_Write 		CODE           	031F	0000	10

mcc_generated_files/eusart1.c estimated size: 79

mcc_generated_files/mcc.c
		_WDT_Initialize		CODE           	035E	0000	3
		_OSCILLATOR_Initialize		CODE           	0346	0000	6
		_SYSTEM_Initialize		CODE           	02FF	0000	16

mcc_generated_files/mcc.c estimated size: 25

mcc_generated_files/pic16f1_bootload.c
		_ProcessBootBuffer		CODE           	008F	0000	98
		_Calc_Checksum 		CODE           	01A3	0000	83
		_Write_Flash   		CODE           	00F1	0000	93
		_Get_Version_Data		CODE           	014E	0000	85
		_Check_Device_Reset		CODE           	0332	0000	8
		_Erase_Flash   		CODE           	01F6	0000	67
		_Bootload_Required		CODE           	029C	0000	42
		_Read_Config   		CODE           	0239	0000	57
		_StartWrite    		CODE           	0329	0000	9
		_BOOTLOADER_Initialize		CODE           	02E9	0000	22

mcc_generated_files/pic16f1_bootload.c estimated size: 564

main.c
		_main          		CODE           	0340	0000	6

main.c estimated size: 6

